// Jest Snapshot v1, https://goo.gl/fbAQLP

exports[`Button should render 1`] = `
<button
  className="button"
  type="button"
>
  Я кнопочка
</button>
`;
